src/components/NotificationsModal.tsx(2,47): error TS6133: 'Inbox' is declared but its value is never read.
src/lib/supabase.ts(29,13): error TS2353: Object literal may only specify known properties, and 'lockAcquireTimeout' does not exist in type '{ autoRefreshToken?: boolean | undefined; storageKey?: string | undefined; persistSession?: boolean | undefined; detectSessionInUrl?: boolean | ((url: URL, params: { [parameter: string]: string; }) => boolean) | undefined; ... 5 more ...; throwOnError?: boolean | undefined; }'.
