src/components/MobileTabs.tsx(2,137): error TS6133: 'Shield' is declared but its value is never read.
src/pages/StudentApplications.tsx(4,23): error TS6133: 'Clock' is declared but its value is never read.
src/pages/StudentApplications.tsx(4,39): error TS6133: 'CheckCircle2' is declared but its value is never read.
src/pages/StudentApplications.tsx(4,53): error TS6133: 'XCircle' is declared but its value is never read.
src/pages/StudentApplications.tsx(66,40): error TS2345: Argument of type 'string | undefined' is not assignable to parameter of type 'string | null'.
  Type 'undefined' is not assignable to type 'string | null'.
src/pages/StudentFavorites.tsx(9,31): error TS2339: Property 'refetch' does not exist on type '{ favorites: any[]; toggleFavorite: (propertyId: string) => Promise<void>; isFavorited: (propertyId: string) => boolean; loading: boolean; }'.
src/pages/TransportDashboard.tsx(2,88): error TS6133: 'Info' is declared but its value is never read.
src/pages/TransportDashboard.tsx(10,29): error TS6133: 'serviceLoading' is declared but its value is never read.
